// Jest Snapshot v1, https://goo.gl/fbAQLP

exports[`modal should match snapshot 1`] = `
<div
  class="modal"
  data-testid="modal"
>
  <div
    class="modalHeader"
  >
    <h3
      class="modalHeaderTitle"
    >
      Заголовок
    </h3>
  </div>
  <div
    class="modalContent"
  >
    <div>
      text
    </div>
    <div>
      text
    </div>
    <div>
      text
    </div>
  </div>
  <button
    class="closeButton"
    data-testid="close-modal-button"
  >
    <div
      class="closeButtonContent"
    >
      <svg
        aria-hidden="true"
        class="lucide lucide-x"
        fill="none"
        height="24"
        stroke="currentColor"
        stroke-linecap="round"
        stroke-linejoin="round"
        stroke-width="2"
        viewBox="0 0 24 24"
        width="24"
        xmlns="http://www.w3.org/2000/svg"
      >
        <path
          d="M18 6 6 18"
        />
        <path
          d="m6 6 12 12"
        />
      </svg>
    </div>
  </button>
</div>
`;
